// Jest Snapshot v1, https://goo.gl/fbAQLP

exports[`Card component renders 1`] = `ShallowWrapper {}`;
