// Jest Snapshot v1, https://goo.gl/fbAQLP

exports[`Avatar component renders 1`] = `ShallowWrapper {}`;
