// Jest Snapshot v1, https://goo.gl/fbAQLP

exports[`Hamburger component renders 1`] = `ShallowWrapper {}`;

exports[`Hamburger component renders open 1`] = `ShallowWrapper {}`;
