// Jest Snapshot v1, https://goo.gl/fbAQLP

exports[`SocialLink component renders 1`] = `ShallowWrapper {}`;
